// Jest Snapshot v1, https://goo.gl/fbAQLP

exports[`AuthoritiesDropDown renders the table with updated font size 1`] = `
<div>
  <div
    style="color: white; font-size: 20px; width: calc(50rem + 40px);"
  >
    <label
      for="authoritiesDropDown"
      style="font-weight: bold;"
    >
      Authorities:
    </label>
    <div
      class="css-b62m3t-container"
      id="authoritiesDropDown"
    >
      <span
        class="css-1f43avz-a11yText-A11yText"
        id="react-select-2-live-region"
      />
      <span
        aria-atomic="false"
        aria-live="polite"
        aria-relevant="additions text"
        class="css-1f43avz-a11yText-A11yText"
        role="log"
      >
        <span
          id="aria-selection"
        />
        <span
          id="aria-focused"
        />
        <span
          id="aria-results"
        />
        <span
          id="aria-guidance"
        >
          Use Up and Down to choose options, press Enter to select the currently focused option, press Escape to exit the menu, press Tab to select the option and exit the menu.
        </span>
      </span>
      <div
        class="css-13ercb9-control"
      >
        <div
          class="css-hlgwow"
        >
          <div
            class="css-1550uzu-placeholder"
            id="react-select-2-placeholder"
          >
            Search or select...
          </div>
          <div
            class="css-19bb58m"
            data-value=""
          >
            <input
              aria-activedescendant=""
              aria-autocomplete="list"
              aria-controls="react-select-2-listbox"
              aria-describedby="react-select-2-placeholder"
              aria-expanded="true"
              aria-haspopup="true"
              autocapitalize="none"
              autocomplete="off"
              autocorrect="off"
              class=""
              id="react-select-2-input"
              role="combobox"
              spellcheck="false"
              style="opacity: 1; width: 100%; grid-area: 1 / 2; min-width: 2px; border: 0px; margin: 0px; outline: 0; padding: 0px;"
              tabindex="0"
              type="text"
              value=""
            />
          </div>
        </div>
        <div
          class="css-1wy0on6"
        >
          <div
            aria-hidden="true"
            class="css-o9ehiq-loadingIndicator"
          >
            <span
              class="css-1icxkl9-LoadingDot"
            />
            <span
              class="css-1oazjx7-LoadingDot"
            />
            <span
              class="css-1wonz24-LoadingDot"
            />
          </div>
          <span
            class="css-1u9des2-indicatorSeparator"
          />
          <div
            aria-hidden="true"
            class="css-15lsz6c-indicatorContainer"
          >
            <svg
              aria-hidden="true"
              class="css-tj5bde-Svg"
              focusable="false"
              height="20"
              viewBox="0 0 20 20"
              width="20"
            >
              <path
                d="M4.516 7.548c0.436-0.446 1.043-0.481 1.576 0l3.908 3.747 3.908-3.747c0.533-0.481 1.141-0.446 1.574 0 0.436 0.445 0.408 1.197 0 1.615-0.406 0.418-4.695 4.502-4.695 4.502-0.217 0.223-0.502 0.335-0.787 0.335s-0.57-0.112-0.789-0.335c0 0-4.287-4.084-4.695-4.502s-0.436-1.17 0-1.615z"
              />
            </svg>
          </div>
        </div>
      </div>
      <div
        class="css-1wilbr4-menu"
      >
        <div
          aria-multiselectable="false"
          class="css-qr46ko"
          id="react-select-2-listbox"
          role="listbox"
        >
          <div
            class="css-9x5mqu"
          >
            Loading...
          </div>
        </div>
      </div>
    </div>
  </div>
</div>
`;
